// Jest Snapshot v1, https://goo.gl/fbAQLP

exports[`<Options /> renders correctly 1`] = `
<div
  className="sc-AxjAm cYRYYw"
>
  <div
    className="button-wrapper"
  >
    <button
      className="sc-AxirZ ervvaP options"
      onClick={[Function]}
      title="EDIT"
    >
      EDIT
    </button>
    <div />
    <button
      className="sc-AxirZ ervvaP options"
      onClick={[Function]}
      title="DELETE"
    >
      DELETE
    </button>
  </div>
</div>
`;
