// Jest Snapshot v1, https://goo.gl/fbAQLP

exports[`<Header /> renders correctly 1`] = `
<div
  className="sc-AxjAm dNblVa"
>
  <div
    className="top-container"
  >
    <a
      href="/"
    >
      <img
        alt="Phony Store Logo"
        className="logo"
        src="product-logo.png"
      />
    </a>
  </div>
</div>
`;
